ActiveColumnStyle "╭───╮\n│ \x1b[1mx\x1b[m │\n╰───╯"
InactiveColumnStyle "╭───╮\n│ x │\n╰───╯"
SelectedStyle "\x1b[1;7mx\x1b[m"
NormalStyle "x"
DimStyle "\x1b[2mx\x1b[m"
BarDimStyle "\x1b[2mx\x1b[m"
BarNormalStyle "x"
CategoryStyle "\x1b[1;3mx\x1b[m"
CategoryBarStyle "\x1b[1;4;4mx\x1b[m"
IconStyle "x"
StatusRunning "x"
StatusProgressing "x"
StatusFailed "\x1b[1mx\x1b[m"
StatusOther "\x1b[2mx\x1b[m"
StatusWarning "\x1b[3mx\x1b[m"
RowTintFailedFg "\x1b[1mx\x1b[m"
RowTintProgressingFg "\x1b[3mx\x1b[m"
RowTintFailedBg "\x1b[1mx\x1b[m"
RowTintProgressingBg "\x1b[3mx\x1b[m"
RowTintFailedCursorBg "\x1b[1mx\x1b[m"
RowTintProgressingCursorBg "\x1b[1mx\x1b[m"
TitleBarStyle " x "
TitleBreadcrumbStyle "\x1b[1mx\x1b[m"
TitleStyle " \x1b[1mx\x1b[m "
NamespaceBadgeStyle "\x1b[7m \x1b[m\x1b[1;7mx\x1b[m\x1b[7m \x1b[m"
ReadOnlyBadgeStyle "\x1b[7m \x1b[m\x1b[1;7mx\x1b[m\x1b[7m \x1b[m"
DemoBadgeStyle "\x1b[7m \x1b[m\x1b[1;7mx\x1b[m\x1b[7m \x1b[m"
ReadOnlyMarkerStyle "\x1b[1mx\x1b[m"
HeaderStyle "\x1b[1;4;4mx\x1b[m"
HeaderIconStyle "x"
SortActiveHeaderStyle "\x1b[1;4;4mx\x1b[m"
NamespaceStyle " \x1b[1mx\x1b[m "
YamlViewStyle "     \n  x  \n     "
YamlKeyStyle "\x1b[1mx\x1b[m"
YamlValueStyle "x"
YamlPunctuationStyle "\x1b[2mx\x1b[m"
YamlCommentStyle "\x1b[3;2mx\x1b[m"
YamlStringStyle "x"
YamlNumberStyle "x"
YamlBoolStyle "\x1b[1mx\x1b[m"
YamlNullStyle "\x1b[3mx\x1b[m"
YamlAnchorStyle "\x1b[1mx\x1b[m"
YamlTagStyle "x"
YamlBlockScalarStyle "\x1b[1mx\x1b[m"
StatusBarBgStyle " \x1b[2mx\x1b[m "
StatusBarStyle " \x1b[2mx\x1b[m "
HelpKeyStyle "\x1b[1mx\x1b[m"
FieldDocHeaderStyle "\x1b[1mx\x1b[m"
FieldDocTextStyle "x"
FieldDocErrorStyle "\x1b[1mx\x1b[m"
WhichKeyKeyStyle "\x1b[1mx\x1b[m"
WhichKeyDescStyle "x"
WhichKeyActionsStyle "x"
WhichKeyViewsStyle "x"
WhichKeyFilterStyle "x"
WhichKeySelectionStyle "x"
WhichKeySortStyle "x"
WhichKeySettingsStyle "x"
ErrorStyle "\x1b[1mx\x1b[m"
CurrentMarkerStyle "\x1b[1mx\x1b[m"
OverlayStyle "╭─────╮\n│     │\n│  x  │\n│     │\n╰─────╯"
OverlayTitleStyle "\x1b[1mx\x1b[m\n "
OverlaySelectedStyle "\x1b[1;7mx\x1b[m"
OverlayNormalStyle "x"
OverlayFilterStyle "\x1b[1mx\x1b[m"
OverlayDimStyle "\x1b[2mx\x1b[m"
OverlayWarningStyle "\x1b[1mx\x1b[m"
OverlayInputStyle "\x1b[1;4;4mx\x1b[m"
ParentHighlightStyle "\x1b[1;4;4mx\x1b[m"
StatusMessageOkStyle "\x1b[1mx\x1b[m"
StatusMessageErrStyle "\x1b[1;7mx\x1b[m"
SearchHighlightStyle "\x1b[1;7mx\x1b[m"
SelectedSearchHighlightStyle "\x1b[1;4;7;4mx\x1b[m"
SelectionMarkerStyle "\x1b[1mx\x1b[m"
SelectionCountStyle "\x1b[1;7mx\x1b[m"
YamlCursorIndicatorStyle "\x1b[1mx\x1b[m"
DeprecationStyle "\x1b[3;2mx\x1b[m"
innerPanelStyle "╭───╮\n│ x │\n╰───╯"
crashTabSeparatorStyle "x"
crashSectionStyle "\x1b[1;4;4mx\x1b[m"
crashHeaderStyle "\x1b[1mx\x1b[m"
BaseBg lipgloss.NoColor
BarBg lipgloss.NoColor
SurfaceBg lipgloss.NoColor
slots ["" "" "" "" "" "" "" "" "" "" "" "" "" "" ""]
