 [1m lfk > test-ctx > Pods > nginx-pod [m[2m                                                                                                            [m[7m [m[1;7m ns: default [m[7m [m 
╭──────────────────╮╭──────────────────────────────────────────────────────────────────────────────╮╭──────────────────────────────────────────────────────────╮
│ [1;2mRESOURCE TYPE[m    ││ [1m[1;2m  [m[1;2mPODS                                           [m[1;2mREADY [m[1;2mSTATUS           [m[1;2mAGE [m[m ││ [2mNo resources found[m                                       │
│ [1;4;4mW[m[1;4;4mo[m[1;4;4mr[m[1;4;4mk[m[1;4;4ml[m[1;4;4mo[m[1;4;4ma[m[1;4;4md[m[1;4;4ms[m[4m [m[4m [m[4m [m[4m [m[4m [m[4m [m[4m [m ││ [1m[1;7m  nginx-pod                                      1/1   Running          3d  [m[m ││                                                          │
│ Pods             ││ [1m  crash-pod                                      [2m0/1   [m[1mCrashLoopBackOff [m5m  [m ││                                                          │
│ Deployments      ││ [1m  pending-pod                                    [2m0/1   [mPending          2h  [m ││                                                          │
│                  ││ [1m[m                                                                             ││                                                          │
│ [1;4;4mN[m[1;4;4me[m[1;4;4mt[m[1;4;4mw[m[1;4;4mo[m[1;4;4mr[m[1;4;4mk[m[1;4;4mi[m[1;4;4mn[m[1;4;4mg[m[4m [m[4m [m[4m [m[4m [m[4m [m[4m [m ││ [1m[m                                                                             ││                                                          │
│ Services         ││ [1m[m                                                                             ││                                                          │
│                  ││ [1m[m                                                                             ││                                                          │
│                  ││ [1m[m                                                                             ││                                                          │
│                  ││ [1m[m                                                                             ││                                                          │
│                  ││ [1m[m                                                                             ││                                                          │
│                  ││ [1m[m                                                                             ││                                                          │
│                  ││ [1m[m                                                                             ││                                                          │
│                  ││ [1m[m                                                                             ││                                                          │
│                  ││ [1m[m                                                                             ││                                                          │
│                  ││ [1m[m                                                                             ││                                                          │
│                  ││ [1m[m                                                                             ││                                                          │
│                  ││ [1m[m                                                                             ││                                                          │
│                  ││ [1m[m                                                                             ││                                                          │
│                  ││ [1m[m                                                                             ││                                                          │
│                  ││ [1m[m                                                                             ││                                                          │
│                  ││ [1m[m                                                                             ││                                                          │
│                  ││ [1m[m                                                                             ││                                                          │
│                  ││ [1m[m                                                                             ││                                                          │
│                  ││ [1m[m                                                                             ││                                                          │
│                  ││ [1m[m                                                                             ││                                                          │
│                  ││ [1m[m                                                                             ││                                                          │
│                  ││ [1m[m                                                                             ││                                                          │
│                  ││ [1m[m                                                                             ││                                                          │
│                  ││ [1m[m                                                                             ││                                                          │
│                  ││ [1m[m                                                                             ││                                                          │
│                  ││ [1m[m                                                                             ││                                                          │
│                  ││ [1m[m                                                                             ││                                                          │
│                  ││ [1m[m                                                                             ││                                                          │
│                  ││ [1m[m                                                                             ││                                                          │
│                  ││ [1m[m                                                                             ││                                                          │
╰──────────────────╯╰──────────────────────────────────────────────────────────────────────────────╯╰──────────────────────────────────────────────────────────╯
 [2m[1mh/l[m[2m: navigate[m[2m | [m[1mj/k[m[2m: move[m[2m | [m[1menter[m[2m: view[m[2m | [m[1m\[m[2m: namespace[m[2m | [m[1mA[m[2m: all-ns[m[2m | [m[1mx[m[2m: actions[m[2m | [m[1mctrl+r[m[2m: toggle RO[m[2m | [m[1ma[m[2m: create[m[2m | [m[1m>/<[m[2m: sort[m[2m | [m[1mf[m[2m: filter[m     [2msort:Name ↑[m  [2m[1/3][m[m 